#-----------------------------------------------------------
# Vivado v2022.2 (64-bit)
# SW Build 3671981 on Fri Oct 14 05:00:03 MDT 2022
# IP Build 3669848 on Fri Oct 14 08:30:02 MDT 2022
# Start of session at: Thu May 16 10:03:43 2024
# Process ID: 1716
# Current directory: C:/Different/SRIP_2024/Photonics lab/Lock-in amplifier/FINAL_XADC
# Command line: vivado.exe -gui_launcher_event rodinguilauncherevent712 C:\Different\SRIP_2024\Photonics lab\Lock-in amplifier\FINAL_XADC\FINAL_XADC.xpr
# Log file: C:/Different/SRIP_2024/Photonics lab/Lock-in amplifier/FINAL_XADC/vivado.log
# Journal file: C:/Different/SRIP_2024/Photonics lab/Lock-in amplifier/FINAL_XADC\vivado.jou
# Running On: LAPTOP-OPB3COO2, OS: Windows, CPU Frequency: 2496 MHz, CPU Physical cores: 10, Host memory: 16864 MB
#-----------------------------------------------------------
start_gui
open_project {C:/Different/SRIP_2024/Photonics lab/Lock-in amplifier/FINAL_XADC/FINAL_XADC.xpr}
update_compile_order -fileset sources_1
